\BOOKMARK [2][]{Outline0.1}{\376\377\000\335\000\040\000t\001\260\036\337\000n\000g\000\040\000v\036\301\000\040\000p\000h\001\260\001\241\000n\000g\000\040\000p\000h\000\341\000p\000\040\000c\036\257\000t}{}% 1
\BOOKMARK [2][]{Outline0.2}{\376\377\000\040\000T\000h\000u\036\255\000t\000\040\000t\000o\000\341\000n\000\040\000G\000o\000m\000o\000r\000y\000\040\000c\000h\000o\000\040\000b\000\340\000i\000\040\000t\000o\000\341\000n\000\040\000n\000g\000u\000y\000\352\000n\000\040\000h\000o\000\340\000n\000\040\000t\000o\000\340\000n}{}% 2
